exports[`config.match match query files 1`] = `
Object {
  "opts": Object {
    "match": "query/**/*.gql",
    "parser": "QueryParser",
  },
  "type": "query",
}
`;

exports[`config.match match schema files 1`] = `
Object {
  "opts": Object {},
  "type": "schema",
}
`;

exports[`test invalid-gqlconfig: validate .gqlconfig file content 1`] = `
"
Error parsing .gqlconfig. 

GQLConfigFile.schema.files must be one of: Globs | {
  include: Globs;
  ignore?: Globs;
}

Expected: Globs | {
  include: Globs;
  ignore?: Globs;
}

Actual: {
  test: string;
}
"
`;

exports[`test missing-gqlConfig: Report error if gqlconfig not found 1`] = `"Could not find a .gqlconfig file. Create a .gqlconfig file in project root directory."`;
